<html>
<body>
<pre>
<h1>µVision Build Log</h1>
<h2>Tool Versions:</h2>
IDE-Version: µVision V5.24.2.0
Copyright (C) 2017 ARM Ltd and ARM Germany GmbH. All rights reserved.
License Information: Arya Nava, MPA, LIC=----
 
Tool Versions:
Toolchain:       MDK-Lite  Version: 5.24.1
Toolchain Path:  C:\Keil_v5\ARM\ARMCC\Bin
C Compiler:      Armcc.exe V5.06 update 5 (build 528)
Assembler:       Armasm.exe V5.06 update 5 (build 528)
Linker/Locator:  ArmLink.exe V5.06 update 5 (build 528)
Library Manager: ArmAr.exe V5.06 update 5 (build 528)
Hex Converter:   FromElf.exe V5.06 update 5 (build 528)
CPU DLL:         SARMCM3.DLL V5.24.1
Dialog DLL:      DARMCM1.DLL V1.18.0.0
Target DLL:      STLink\ST-LINKIII-KEIL_SWO.dll V3.0.1.0
Dialog DLL:      TARMCM1.DLL V1.13.0.0
 
<h2>Project:</h2>
F:\Projects\POKERS\POKER KID\V1\POKERKIDV1TESTBOARD\PokerKidTestCode3\MDK-ARM\PokerKidTestCode3.uvprojx
Project File Date:  05/23/2018

<h2>Output:</h2>
*** Using Compiler 'V5.06 update 5 (build 528)', folder: 'C:\Keil_v5\ARM\ARMCC\Bin'
Build target 'PokerKidTestCode3'
assembling startup_stm32f030x6.s...
compiling stm32f0xx_hal_i2c_ex.c...
compiling stm32f0xx_hal_tim_ex.c...
compiling stm32f0xx_hal_rcc_ex.c...
compiling stm32f0xx_hal_pwr.c...
compiling stm32f0xx_hal_dma.c...
compiling stm32f0xx_hal_flash.c...
compiling stm32f0xx_hal_i2c.c...
compiling stm32f0xx_hal_tim.c...
compiling stm32f0xx_hal_gpio.c...
compiling stm32f0xx_hal_cortex.c...
compiling stm32f0xx_hal_flash_ex.c...
compiling stm32f0xx_hal_rcc.c...
compiling stm32f0xx_hal.c...
compiling stm32f0xx_hal_pwr_ex.c...
compiling system_stm32f0xx.c...
compiling stm32f0xx_it.c...
compiling stm32f0xx_hal_msp.c...
compiling main.c...
../Src/main.c(103): warning:  #188-D: enumerated type mixed with another type
  		HAL_GPIO_WritePin(
PIOA, 
PIO_PIN_10, 1); HAL_Delay(200); HAL_GPIO_WritePin(GPIOA, GPIO_PIN_10, 0); HAL_Delay(200);
../Src/main.c(103): warning:  #188-D: enumerated type mixed with another type
  		HAL_GPIO_WritePin(
PIOA, 
PIO_PIN_10, 1); HAL_Delay(200); HAL_GPIO_WritePin(
PIOA, 
PIO_PIN_10, 0); HAL_Delay(200);
../Src/main.c(104): warning:  #188-D: enumerated type mixed with another type
  		HAL_GPIO_WritePin(
PIOA, 
PIO_PIN_9, 1); HAL_Delay(200); HAL_GPIO_WritePin(GPIOA, GPIO_PIN_9, 0); HAL_Delay(200);
../Src/main.c(104): warning:  #188-D: enumerated type mixed with another type
  		HAL_GPIO_WritePin(
PIOA, 
PIO_PIN_9, 1); HAL_Delay(200); HAL_GPIO_WritePin(
PIOA, 
PIO_PIN_9, 0); HAL_Delay(200);
../Src/main.c(105): warning:  #188-D: enumerated type mixed with another type
  		HAL_GPIO_WritePin(
PIOB, 
PIO_PIN_1, 1); HAL_Delay(200); HAL_GPIO_WritePin(GPIOB, GPIO_PIN_1, 0); HAL_Delay(200);
../Src/main.c(105): warning:  #188-D: enumerated type mixed with another type
  		HAL_GPIO_WritePin(
PIOB, 
PIO_PIN_1, 1); HAL_Delay(200); HAL_GPIO_WritePin(
PIOB, 
PIO_PIN_1, 0); HAL_Delay(200);
../Src/main.c(106): warning:  #188-D: enumerated type mixed with another type
  		HAL_GPIO_WritePin(
PIOA, 
PIO_PIN_7, 1); HAL_Delay(200); HAL_GPIO_WritePin(GPIOA, GPIO_PIN_7, 0); HAL_Delay(200);
../Src/main.c(106): warning:  #188-D: enumerated type mixed with another type
  		HAL_GPIO_WritePin(
PIOA, 
PIO_PIN_7, 1); HAL_Delay(200); HAL_GPIO_WritePin(
PIOA, 
PIO_PIN_7, 0); HAL_Delay(200);
../Src/main.c(107): warning:  #188-D: enumerated type mixed with another type
  		HAL_GPIO_WritePin(
PIOA, 
PIO_PIN_6, 1); HAL_Delay(200); HAL_GPIO_WritePin(GPIOA, GPIO_PIN_6, 0); HAL_Delay(200);
../Src/main.c(107): warning:  #188-D: enumerated type mixed with another type
  		HAL_GPIO_WritePin(
PIOA, 
PIO_PIN_6, 1); HAL_Delay(200); HAL_GPIO_WritePin(
PIOA, 
PIO_PIN_6, 0); HAL_Delay(200);
../Src/main.c(108): warning:  #188-D: enumerated type mixed with another type
  		HAL_GPIO_WritePin(
PIOA, 
PIO_PIN_5, 1); HAL_Delay(200); HAL_GPIO_WritePin(GPIOA, GPIO_PIN_5, 0); HAL_Delay(200);
../Src/main.c(108): warning:  #188-D: enumerated type mixed with another type
  		HAL_GPIO_WritePin(
PIOA, 
PIO_PIN_5, 1); HAL_Delay(200); HAL_GPIO_WritePin(
PIOA, 
PIO_PIN_5, 0); HAL_Delay(200);
../Src/main.c(109): warning:  #188-D: enumerated type mixed with another type
  		HAL_GPIO_WritePin(
PIOA, 
PIO_PIN_0, 1); HAL_Delay(200); HAL_GPIO_WritePin(GPIOA, GPIO_PIN_0, 0); HAL_Delay(200);
../Src/main.c(109): warning:  #188-D: enumerated type mixed with another type
  		HAL_GPIO_WritePin(
PIOA, 
PIO_PIN_0, 1); HAL_Delay(200); HAL_GPIO_WritePin(
PIOA, 
PIO_PIN_0, 0); HAL_Delay(200);
../Src/main.c(110): warning:  #188-D: enumerated type mixed with another type
  		HAL_GPIO_WritePin(
PIOA, 
PIO_PIN_1, 1); HAL_Delay(200); HAL_GPIO_WritePin(GPIOA, GPIO_PIN_1, 0); HAL_Delay(200);
../Src/main.c(110): warning:  #188-D: enumerated type mixed with another type
  		HAL_GPIO_WritePin(
PIOA, 
PIO_PIN_1, 1); HAL_Delay(200); HAL_GPIO_WritePin(
PIOA, 
PIO_PIN_1, 0); HAL_Delay(200);
../Src/main.c(111): warning:  #188-D: enumerated type mixed with another type
  		HAL_GPIO_WritePin(
PIOA, 
PIO_PIN_2, 1); HAL_Delay(200); HAL_GPIO_WritePin(GPIOA, GPIO_PIN_2, 0); HAL_Delay(200);
../Src/main.c(111): warning:  #188-D: enumerated type mixed with another type
  		HAL_GPIO_WritePin(
PIOA, 
PIO_PIN_2, 1); HAL_Delay(200); HAL_GPIO_WritePin(
PIOA, 
PIO_PIN_2, 0); HAL_Delay(200);
../Src/main.c(112): warning:  #188-D: enumerated type mixed with another type
  		HAL_GPIO_WritePin(
PIOA, 
PIO_PIN_3, 1); HAL_Delay(200); HAL_GPIO_WritePin(GPIOA, GPIO_PIN_3, 0); HAL_Delay(200);
../Src/main.c(112): warning:  #188-D: enumerated type mixed with another type
  		HAL_GPIO_WritePin(
PIOA, 
PIO_PIN_3, 1); HAL_Delay(200); HAL_GPIO_WritePin(
PIOA, 
PIO_PIN_3, 0); HAL_Delay(200);
../Src/main.c(113): warning:  #188-D: enumerated type mixed with another type
  		HAL_GPIO_WritePin(
PIOA, 
PIO_PIN_4, 1); HAL_Delay(200); HAL_GPIO_WritePin(GPIOA, GPIO_PIN_4, 0); HAL_Delay(200);
../Src/main.c(113): warning:  #188-D: enumerated type mixed with another type
  		HAL_GPIO_WritePin(
PIOA, 
PIO_PIN_4, 1); HAL_Delay(200); HAL_GPIO_WritePin(
PIOA, 
PIO_PIN_4, 0); HAL_Delay(200);
../Src/main.c: 22 warnings, 0 errors
linking...
Program Size: Code=3960 RO-data=232 RW-data=8 ZI-data=1024  
FromELF: creating hex file...
"PokerKidTestCode3\PokerKidTestCode3.axf" - 0 Error(s), 22 Warning(s).

<h2>Software Packages used:</h2>

Package Vendor: ARM
                http://www.keil.com/pack/ARM.CMSIS.5.0.1.pack
                ARM.CMSIS.5.0.1
                CMSIS (Cortex Microcontroller Software Interface Standard)
   * Component: CORE Version: 5.0.1

Package Vendor: Keil
                http://www.keil.com/pack/Keil.STM32F0xx_DFP.2.0.0.pack
                Keil.STM32F0xx_DFP.2.0.0
                STMicroelectronics STM32F0 Series Device Support, Drivers and Examples

<h2>Collection of Component include folders:</h2>
  .\RTE\_PokerKidTestCode3
  C:\Keil_v5\ARM\PACK\ARM\CMSIS\5.0.1\CMSIS\Include
  C:\Keil_v5\ARM\PACK\Keil\STM32F0xx_DFP\2.0.0\Drivers\CMSIS\Device\ST\STM32F0xx\Include

<h2>Collection of Component Files used:</h2>

   * Component: ARM::CMSIS:CORE:5.0.1
Build Time Elapsed:  00:00:03
</pre>
</body>
</html>
